2026-05-18 11:56:27,629 INFO Gateway log initialized at gateway.log
2026-05-18 11:56:27,630 INFO Initializing with VTMIS Sensor Reader (station 23)...
2026-05-18 11:56:27,630 INFO Gateway started. Press Ctrl+C to exit.
2026-05-18 12:06:59,030 INFO Shutting down gateway...
2026-05-18 12:08:15,492 INFO Gateway log initialized at gateway.log
2026-05-18 12:08:15,492 INFO Initializing VTMIS Sensor Reader (station 23)...
2026-05-18 12:08:15,492 INFO Initializing Dummy Sensor Reader...
2026-05-18 12:08:15,492 INFO Combining 2 sensor readers
2026-05-18 12:08:15,492 INFO Gateway started. Press Ctrl+C to exit.
2026-05-18 12:08:29,102 INFO Shutting down gateway...
2026-05-18 12:10:39,421 INFO Gateway log initialized at gateway.log
2026-05-18 12:10:39,421 INFO Initializing VTMIS Sensor Reader (station 23)...
2026-05-18 12:10:39,421 INFO Initializing Dummy Sensor Reader...
2026-05-18 12:10:39,421 INFO Combining 2 sensor readers
2026-05-18 12:10:39,421 INFO Gateway started. Press Ctrl+C to exit.
2026-05-18 12:15:18,318 INFO Shutting down gateway...
2026-05-18 12:18:02,945 INFO Gateway log initialized at gateway.log
2026-05-18 12:18:02,946 INFO Initializing VTMIS Sensor Reader (station 23)...
2026-05-18 12:18:02,946 INFO Initializing Dummy Sensor Reader...
2026-05-18 12:18:02,946 INFO Will poll and transmit 2 sensor readers separately
2026-05-18 12:18:02,946 INFO Gateway started. Press Ctrl+C to exit.
2026-05-18 12:18:10,458 INFO Shutting down gateway...
2026-05-18 12:20:48,697 INFO Gateway log initialized at gateway.log
2026-05-18 12:20:48,697 INFO Initializing VTMIS Sensor Reader (station 23)...
2026-05-18 12:20:48,697 INFO Gateway started. Press Ctrl+C to exit.
